// Jest Snapshot v1, https://goo.gl/fbAQLP

exports[`<FormCreateWorkoutPlan/> should render correctly 1`] = `
<View
  onLayout={[Function]}
>
  <Text>
    Create your workout plan
  </Text>
  <TextInput
    placeholder="Plan name"
    testID="input"
  />
  <TextInput
    placeholder="Description"
    testID="input"
  />
  <View
    style={
      {
        "backgroundColor": "gray",
        "height": 1,
        "width": "100%",
      }
    }
  />
  <Text>
    Workouts
  </Text>
  <View
    accessibilityState={
      {
        "busy": undefined,
        "checked": undefined,
        "disabled": undefined,
        "expanded": undefined,
        "selected": undefined,
      }
    }
    accessibilityValue={
      {
        "max": undefined,
        "min": undefined,
        "now": undefined,
        "text": undefined,
      }
    }
    accessible={true}
    collapsable={false}
    focusable={false}
    onClick={[Function]}
    onResponderGrant={[Function]}
    onResponderMove={[Function]}
    onResponderRelease={[Function]}
    onResponderTerminate={[Function]}
    onResponderTerminationRequest={[Function]}
    onStartShouldSetResponder={[Function]}
    style={
      {
        "opacity": 1,
      }
    }
  >
    <Text>
      Add workout
    </Text>
  </View>
</View>
`;
